年	月	管区	都道府県	発生件数（速報値）	死者数（確定値）	負傷者数（速報値）
2020	5	area1	prefecture1	1	2	3
2020	5	area1	prefecture2	2	3	4
2020	5	area2	prefecture1	3	4	5
2020	4	area1	prefecture1	4	5	6
2019	5	area1	prefecture1	5	6	7
